// Jest Snapshot v1, https://goo.gl/fbAQLP

exports[`DayComponent should accept parameters 1`] = `
Array [
  <div
    className="day"
  >
    Sunday
  </div>,
]
`;
