// Jest Snapshot v1, https://goo.gl/fbAQLP

exports[`MealTypeComponent should render correctly 1`] = `
Array [
  <div
    className="menu-type"
  >
    Breakfast
  </div>,
]
`;
